// Jest Snapshot v1, https://goo.gl/fbAQLP

exports[`<App/> Test should show component correctly 1`] = `
<View
  style={
    Object {
      "alignItems": "center",
      "flex": 1,
    }
  }
>
  <View
    style={
      Object {
        "alignItems": "center",
        "flex": 2,
        "justifyContent": "flex-end",
      }
    }
  >
    <View
      style={
        Object {
          "flexDirection": "row",
          "width": "100%",
        }
      }
    >
      <TextInput
        allowFontScaling={true}
        onChangeText={[Function]}
        placeholder="Write something"
        rejectResponderTermination={true}
        style={
          Object {
            "borderBottomColor": "black",
            "borderBottomWidth": 1,
            "width": 275,
          }
        }
        underlineColorAndroid="transparent"
        value=""
      />
      <View
        accessible={true}
        focusable={true}
        onClick={[Function]}
        onResponderGrant={[Function]}
        onResponderMove={[Function]}
        onResponderRelease={[Function]}
        onResponderTerminate={[Function]}
        onResponderTerminationRequest={[Function]}
        onStartShouldSetResponder={[Function]}
        style={
          Object {
            "backgroundColor": "rgb(130, 170, 255)",
            "borderRadius": 50,
            "marginLeft": 15,
            "opacity": 1,
            "paddingHorizontal": 20,
            "paddingVertical": 3,
          }
        }
      >
        <Text
          style={
            Object {
              "color": "white",
              "fontSize": 32,
            }
          }
        >
          +
        </Text>
      </View>
    </View>
  </View>
  <View
    style={
      Object {
        "alignItems": "center",
        "flex": 8,
        "marginVertical": 15,
        "paddingTop": 20,
        "width": "80%",
      }
    }
  >
    <View
      style={
        Object {
          "width": "100%",
        }
      }
    >
      <RCTScrollView
        data={Array []}
        disableVirtualization={false}
        getItem={[Function]}
        getItemCount={[Function]}
        horizontal={false}
        initialNumToRender={10}
        keyExtractor={[Function]}
        maxToRenderPerBatch={10}
        onContentSizeChange={[Function]}
        onEndReachedThreshold={2}
        onLayout={[Function]}
        onMomentumScrollEnd={[Function]}
        onScroll={[Function]}
        onScrollBeginDrag={[Function]}
        onScrollEndDrag={[Function]}
        removeClippedSubviews={false}
        renderItem={[Function]}
        scrollEventThrottle={50}
        stickyHeaderIndices={Array []}
        updateCellsBatchingPeriod={50}
        viewabilityConfigCallbackPairs={Array []}
        windowSize={21}
      >
        <View />
      </RCTScrollView>
    </View>
    <View />
  </View>
</View>
`;
